// Jest Snapshot v1, https://goo.gl/fbAQLP

exports[`io function sendResponse forwards the io error 1`] = `
Object {
  "detail": Object {
    "how": "Missing required property: firstProperty",
    "where": "",
    "why": "Resource does not respect the schema",
  },
  "meta": Object {
    "trace": [IoResError: Resource does not respect the schema],
  },
  "status": 500,
  "title": "Response data is invalid",
}
`;

exports[`io function validateRequest throws on invalid body 1`] = `"Resource does not respect the schema"`;

exports[`io function validateResource returns error details on request not respecting schema 1`] = `
Object {
  "how": "Missing required property: nestedProperty",
  "where": "/objectProperty",
  "why": "Resource does not respect the schema",
}
`;
