// Jest Snapshot v1, https://goo.gl/fbAQLP

exports[`io function processRequest throws when query is not matching schema 1`] = `"Resource does not respect the schema"`;

exports[`io function sendResponse forwards the io error 1`] = `
Object {
  "details": Object {
    "how": "Missing required property: firstProperty",
    "where": "",
    "why": "Resource does not respect the schema",
  },
  "message": "Resource does not respect the schema",
  "meta": null,
  "status": 500,
  "title": "OutputError",
}
`;

exports[`io function validateRequest throws on invalid body 1`] = `"Resource does not respect the schema"`;

exports[`io function validateResource returns error details on request not respecting schema 1`] = `
Object {
  "how": "Missing required property: nestedProperty",
  "where": "/objectProperty",
  "why": "Resource does not respect the schema",
}
`;
